// Jest Snapshot v1, https://goo.gl/fbAQLP

exports[`Tests for the Missions page/component  Test the snapshot 1`] = `undefined`;
